
import re2;
import selector;

sub vcl_init {
	new vk8s_reqdisp_0_0 = selector.set();
	vk8s_reqdisp_0_0.add("/interactive/");
	vk8s_reqdisp_0_0.add("/basket/");
	vk8s_reqdisp_0_0.add("/personal");
	vk8s_reqdisp_0_0.add("/dynamic/");
}


sub vcl_recv {
	if (vk8s_reqdisp_0_0.hasprefix(req.url)) {
		return (pass);
	}
	return (hash);
}
